export const snapshot = {};

snapshot[`createHeaderClass > creates a header class correctly 1`] = `'<mj-class name="h1" font-size="1rem" line-height="2rem" padding-top="1rem" padding-bottom="1rem" padding-left="1rem" padding-right="1rem" color="red" align="left" height="1.5" font-family="sans-serif, monospace" font-style="italic" font-weight="600" letter-spacing="12" text-decoration="underline" text-transform="uppercase" container-background-color="blue" />'`;
